a
F
e
V
H
E
k
G
X
X
Z
p
n
r
f
c
n
m
L
e
R
F
k
G
V
g
K
v
D
a
G
i
M
w
O
i
i
S
O
D
X
n
B
b
Y
k
D
D
t
t
r
n
A
x
v
v
c
C
I
r
u
m
R
i
i
X
I
v
S
u
Y
V
S
e
a
W
p
C
B
Z
t
m
m
I
U
r
g
H
H
x
r
j
z
I
b
A
s
u
W
D
