5351
7588
9431
1513
-1904
-8748
290
7952
6830
5114
-1563
7931
-5416
-1338
3387
3638
34
