8376
2807
2566
-7844
-4832
9414
8080
7125
5164
846
-6527
4065
3659
3936
6925
5018
-4835
9414
-5161
-5573
9067
-2750
-1472
-2195
2807
3808
2009
-4835
9102
-1864
2566
-6838
4819
-8814
3724
-8088
848
-3416
-4359
-1864
8617
-251
5563
17
-6379
1432
-8323
-1906
-2504
4047
3936
-4140
-4187
17
8407
-8251
5724
-3716
9102
8057
-3196
-6838
2646
-5220
7583
511
-1250
-4800
-444
8921
-3332
8617
-6676
8003
-5873
-4084
4580
5018
-5220
-192
-1315
4580
8921
-5846
-7324
17
-7353
8261
-1964
-2504
-8251
2646
7503
-4140
-6838
8064
3659
-2750
8921
-5220
3828
-1532
2009
511
-8106
-3210
-7324
4819
6488
-5220
511
-7410
-7674
2387
-2195
9414
1302
9102
6305
-556
5724
2387
