-2931
-4883
4676
5887
7543
6106
6561
-8303
-1590
7066
7864
9604
8195
-837
6104
-6524
1592
-660
-5030
2128
-2931
-3859
-3162
-9807
-6295
-384
1573
3301
7543
-5157
-4308
-660
7980
9149
-4631
-883
5887
-9587
1358
7654
7864
5829
-7252
3479
2459
6065
3885
279
2145
-7045
-6295
4075
-5039
2128
-6819
-6149
3940
-47
-7794
-47
3301
-6266
6469
-4046
-1039
4907
-3543
7338
-5030
1611
-7794
3301
9706
5995
-6652
6287
-4737
-5062
-1590
7864
6426
-476
-5030
7087
5887
2340
-5039
7742
-2950
7864
3301
2969
-47
-5157
6945
-7269
6550
-1258
1923
1534
9012
9521
-420
-611
9604
-2950
-8939
2325
-4883
-245
2704
-106
-3255
-5165
2704
9572
-6019
-2902
-7196
-873
-7196
-9411
6469
3885
-6266
-34
-846
9037
622
-2935
6806
-3162
5829
-8804
2459
-6420
-3162
-846
