-3160
-8275
-9273
-1487
-9731
-3846
1728
-748
9325
-2818
-8503
-8624
499
-1047
2458
-6818
9340
-4893
8964
4426
-4626
-2098
7858
8470
-4445
-5333
-2986
3926
9518
1930
-2712
-493
-2445
-7161
9894
4057
46
-3496
933
-8654
-1640
2458
-5542
7801
7377
8767
-5112
-1135
-3704
933
8236
-7197
-2581
-1680
165
7354
8649
-3812
165
-1679
5536
-3230
4057
-9363
2262
-9020
-3230
-3230
5227
6623
46
-8806
5258
-7501
-4133
-9166
-748
-5916
-9104
-1463
3926
8148
499
-6818
-4626
1930
9211
8715
-7379
7246
-7501
499
-5916
-4613
-7197
1096
8236
-7357
-5916
-7999
-5916
-1238
-7886
-8506
3107
9604
-9020
-7237
-3230
325
4057
9518
-8759
3926
7827
-3846
-3704
7531
4980
1340
-5459
-7430
-5916
-8624
7541
888
-6786
