-3254
9606
-6585
3023
-6530
7552
3722
-9817
4976
612
-5076
-560
