4983 
8714 132 72 3116 267 2800 4055 1230 9536 
8548 
3731 
